estiv@PC-estiven0425 MINGW64 ~/OneDrive/Documentos/GIT (master)
$ git --version // Verificar versi칩n
git version 2.42.0.windows.2

estiv@PC-estiven0425 MINGW64 ~/OneDrive/Documentos/GIT (master)
$ mkdir GIT // Crear carpeta

estiv@PC-estiven0425 MINGW64 ~/OneDrive/Documentos/GIT (master)
$ git init // Iniciar repositorio
Initialized empty Git repository in C:/Users/estiv/OneDrive/Documentos/GIT/.git/

estiv@PC-estiven0425 MINGW64 ~/OneDrive/Documentos/GIT (master)
$ ls // Ver archivos
index.txt

estiv@PC-estiven0425 MINGW64 ~/OneDrive/Documentos/GIT (master)
$ git status // Ver estado del repositorio
On branch master

No commits yet

Untracked files:
  (use "git add <file>..." to include in what will be committed)
        index.txt

nothing added to commit but untracked files present (use "git add" to track)

estiv@PC-estiven0425 MINGW64 ~/OneDrive/Documentos/GIT (master)
$ git add index.txt // A침adir a entorno de prueba

estiv@PC-estiven0425 MINGW64 ~/OneDrive/Documentos/GIT (master)
$ git status // Ver estado del repositorio
On branch master

No commits yet

Changes to be committed:
  (use "git rm --cached <file>..." to unstage)
        new file:   index.txt


estiv@PC-estiven0425 MINGW64 ~/OneDrive/Documentos/GIT (master)
$ git commit -m "Primer commit" // Hacer confirmaci칩n
[master (root-commit) 85c6c55] Primer commit
 1 file changed, 0 insertions(+), 0 deletions(-)
 create mode 100644 index.txt

estiv@PC-estiven0425 MINGW64 ~/OneDrive/Documentos/GIT (master)
$ git status --short // Ver estado de archivos
 M index.txt

estiv@PC-estiven0425 MINGW64 ~/OneDrive/Documentos/GIT (master)
$ git commit -a -m "Commit directo" // Hacer confirmaci칩n en entorno de prueba
[master 9cef577] Commit directo
 1 file changed, 1 insertion(+)

estiv@PC-estiven0425 MINGW64 ~/OneDrive/Documentos/GIT (master)
$ git log // Ver historial de confirmaciones
commit 9cef57753372bed45443435a56d9261cc4769c00 (HEAD -> master)
Author: estiven0425 <estivenmoto6@gmail.com>
Date:   Mon Mar 11 20:51:09 2024 -0500

    Commit directo

commit 85c6c550a2dfb992f6b72885d435bd2d08d8d382
Author: estiven0425 <estivenmoto6@gmail.com>
Date:   Mon Mar 11 20:39:26 2024 -0500

    Primer commit

estiv@PC-estiven0425 MINGW64 ~/OneDrive/Documentos/GIT (master)
$ git help // Ayuda de Git
usage: git [-v | --version] [-h | --help] [-C <path>] [-c <name>=<value>]
           [--exec-path[=<path>]] [--html-path] [--man-path] [--info-path]
           [-p | --paginate | -P | --no-pager] [--no-replace-objects] [--bare]
           [--git-dir=<path>] [--work-tree=<path>] [--namespace=<name>]
           [--config-env=<name>=<envvar>] <command> [<args>]

These are common Git commands used in various situations:

start a working area (see also: git help tutorial)
   clone     Clone a repository into a new directory
   init      Create an empty Git repository or reinitialize an existing one

work on the current change (see also: git help everyday)
   add       Add file contents to the index
   mv        Move or rename a file, a directory, or a symlink
   restore   Restore working tree files
   rm        Remove files from the working tree and from the index

examine the history and state (see also: git help revisions)
   bisect    Use binary search to find the commit that introduced a bug
   diff      Show changes between commits, commit and working tree, etc
   grep      Print lines matching a pattern
   log       Show commit logs
   show      Show various types of objects
   status    Show the working tree status

grow, mark and tweak your common history
   branch    List, create, or delete branches
   commit    Record changes to the repository
   merge     Join two or more development histories together
   rebase    Reapply commits on top of another base tip
   reset     Reset current HEAD to the specified state
   switch    Switch branches
   tag       Create, list, delete or verify a tag object signed with GPG

collaborate (see also: git help workflows)
   fetch     Download objects and refs from another repository
   pull      Fetch from and integrate with another repository or a local branch
   push      Update remote refs along with associated objects

'git help -a' and 'git help -g' list available subcommands and some
concept guides. See 'git help <command>' or 'git help <concept>'
to read about a specific subcommand or concept.
See 'git help git' for an overview of the system.

estiv@PC-estiven0425 MINGW64 ~/OneDrive/Documentos/GIT (master)
$ git branch Rama0 // Crear una rama

estiv@PC-estiven0425 MINGW64 ~/OneDrive/Documentos/GIT (master)
$ git branch // Ver las ramas
  Rama0
* master

estiv@PC-estiven0425 MINGW64 ~/OneDrive/Documentos/GIT (master)
$ git checkout Rama0 // Cambiar de rama
Switched to branch 'Rama0'

